// Jest Snapshot v1, https://goo.gl/fbAQLP

exports[`Homepage snapshot is correct 1`] = `
<div>
  <button
    class="sc-cdf120ae-0 hzVRqE"
  >
    Button
  </button>
</div>
`;
